../Core/Src/main.c:52:5:__io_putchar	0	static,ignoring_inline_asm
../Core/Src/main.c:57:6:beep	24	static
../Core/Src/main.c:67:6:displaySpeed	0	static
../Core/Src/main.c:107:10:ADC_Read_VBAT	8	static
../Core/Src/main.c:124:10:ADC_Read_JoystickA	8	static
../Core/Src/main.c:140:10:ADC_Read_JoystickB	8	static
../Core/Src/main.c:156:6:displayBat	0	static
../Core/Src/main.c:329:6:SystemClock_Config	88	static,ignoring_inline_asm
../Core/Src/main.c:216:5:main	112	static,ignoring_inline_asm
../Core/Src/main.c:477:6:Error_Handler	0	static,ignoring_inline_asm
