../Core/Src/main.c:186:5:__io_putchar	16	static
../Core/Src/main.c:191:6:arrayShift	0	static
../Core/Src/main.c:198:6:Filter	20	static
../Core/Src/main.c:230:6:HRTIM_Stop	8	static
../Core/Src/main.c:241:6:HRTIM_Start	8	static
../Core/Src/main.c:254:6:HRTIM_Set	0	static
../Core/Src/main.c:272:6:pingCopter	8	static
../Core/Src/main.c:280:6:HAL_GPIO_EXTI_Callback	16	static
../Core/Src/main.c:328:6:PID_Control	0	static
../Core/Src/main.c:382:6:NRF24_Init	96	static
../Core/Src/main.c:400:6:Change_Shift	0	static
../Core/Src/main.c:409:6:StopButtonSignal	8	static
../Core/Src/main.c:424:6:StationOverCurrentSignal	8	static
../Core/Src/main.c:440:6:StationOverVoltageSignal	8	static
../Core/Src/main.c:455:6:StationOverPowerSignal	8	static
../Core/Src/main.c:471:6:CopterOutOfRangeCurrentSignal	8	static
../Core/Src/main.c:487:6:CopterOutOfRangeVoltageSignal	8	static
../Core/Src/main.c:503:6:CopterOutOfRangePowerSignal	8	static
../Core/Src/main.c:520:6:ChargeSignal	8	static
../Core/Src/main.c:527:6:ChargedSignal	8	static
../Core/Src/main.c:1263:6:Error_Handler	8	static,ignoring_inline_asm
../Core/Src/main.c:797:6:SystemClock_Config	88	static
../Core/Src/main.c:537:5:main	352	static,ignoring_inline_asm
