../Core/Src/stm32g4xx_hal_msp.c:66:6:HAL_MspInit	8	static
../Core/Src/stm32g4xx_hal_msp.c:93:6:HAL_ADC_MspInit	120	static
../Core/Src/stm32g4xx_hal_msp.c:139:6:HAL_ADC_MspDeInit	0	static
../Core/Src/stm32g4xx_hal_msp.c:168:6:HAL_HRTIM_MspInit	8	static
../Core/Src/stm32g4xx_hal_msp.c:185:6:HAL_HRTIM_MspPostInit	48	static
../Core/Src/stm32g4xx_hal_msp.c:228:6:HAL_HRTIM_MspDeInit	0	static
../Core/Src/stm32g4xx_hal_msp.c:250:6:HAL_SPI_MspInit	40	static
../Core/Src/stm32g4xx_hal_msp.c:288:6:HAL_SPI_MspDeInit	0	static
../Core/Src/stm32g4xx_hal_msp.c:318:6:HAL_UART_MspInit	120	static
../Core/Src/stm32g4xx_hal_msp.c:366:6:HAL_UART_MspDeInit	0	static
