../Core/Src/Drivers/myNRF.c:57:6:NRF24_csn.part.0	0	static
../Core/Src/Drivers/myNRF.c:63:6:NRF24_ce.part.0	0	static
../Core/Src/Drivers/myNRF.c:49:6:NRF24_DelayMicroSeconds	0	static
../Core/Src/Drivers/myNRF.c:57:6:NRF24_csn	0	static
../Core/Src/Drivers/myNRF.c:63:6:NRF24_ce	0	static
../Core/Src/Drivers/myNRF.c:69:9:NRF24_read_register	16	static
../Core/Src/Drivers/myNRF.c:86:6:NRF24_read_registerN	24	static
../Core/Src/Drivers/myNRF.c:101:6:NRF24_write_register	24	static
../Core/Src/Drivers/myNRF.c:114:6:NRF24_write_registerN	24	static
../Core/Src/Drivers/myNRF.c:127:6:NRF24_write_payload	24	static
../Core/Src/Drivers/myNRF.c:140:6:NRF24_read_payload	24	static
../Core/Src/Drivers/myNRF.c:154:6:NRF24_flush_tx	0	static
../Core/Src/Drivers/myNRF.c:159:6:NRF24_flush_rx	0	static
../Core/Src/Drivers/myNRF.c:164:9:NRF24_get_status	0	static
../Core/Src/Drivers/myNRF.c:246:6:NRF24_startListening	8	static
../Core/Src/Drivers/myNRF.c:263:6:NRF24_stopListening	8	static
../Core/Src/Drivers/myNRF.c:320:6:NRF24_openWritingPipe	16	static
../Core/Src/Drivers/myNRF.c:329:6:NRF24_openReadingPipe	16	static
../Core/Src/Drivers/myNRF.c:353:6:NRF24_setRetries	0	static
../Core/Src/Drivers/myNRF.c:359:6:NRF24_setChannel	0	static
../Core/Src/Drivers/myNRF.c:365:6:NRF24_setPayloadSize	0	static
../Core/Src/Drivers/myNRF.c:371:9:NRF24_getPayloadSize	0	static
../Core/Src/Drivers/myNRF.c:376:9:NRF24_getDynamicPayloadSize	0	static
../Core/Src/Drivers/myNRF.c:311:6:NRF24_read	8	static
../Core/Src/Drivers/myNRF.c:408:6:NRF24_disableDynamicPayloads	8	static
../Core/Src/Drivers/myNRF.c:416:6:NRF24_isNRF_Plus	0	static
../Core/Src/Drivers/myNRF.c:421:6:NRF24_setAutoAck	0	static
../Core/Src/Drivers/myNRF.c:429:6:NRF24_setAutoAckPipe	16	static
../Core/Src/Drivers/myNRF.c:446:6:NRF24_setPALevel	8	static
../Core/Src/Drivers/myNRF.c:477:15:NRF24_getPALevel	8	static
../Core/Src/Drivers/myNRF.c:503:6:NRF24_setDataRate	16	static
../Core/Src/Drivers/myNRF.c:548:17:NRF24_getDataRate	8	static
../Core/Src/Drivers/myNRF.c:573:6:NRF24_setCRCLength	8	static
../Core/Src/Drivers/myNRF.c:594:18:NRF24_getCRCLength	8	static
../Core/Src/Drivers/myNRF.c:610:6:NRF24_disableCRC	8	static
../Core/Src/Drivers/myNRF.c:616:6:NRF24_powerUp	8	static
../Core/Src/Drivers/myNRF.c:621:6:NRF24_powerDown	8	static
../Core/Src/Drivers/myNRF.c:626:6:NRF24_availablePipe	16	static
../Core/Src/Drivers/myNRF.c:306:6:NRF24_available	0	static
../Core/Src/Drivers/myNRF.c:650:6:NRF24_startWrite	16	static
../Core/Src/Drivers/myNRF.c:667:6:NRF24_writeAckPayload	16	static
../Core/Src/Drivers/myNRF.c:678:6:NRF24_isAckPayloadAvailable	0	static
../Core/Src/Drivers/myNRF.c:685:6:NRF24_whatHappened	24	static
../Core/Src/Drivers/myNRF.c:696:6:NRF24_testCarrier	8	static
../Core/Src/Drivers/myNRF.c:701:6:NRF24_testRPD	0	static
../Core/Src/Drivers/myNRF.c:707:6:NRF24_resetStatus	0	static
../Core/Src/Drivers/myNRF.c:270:6:NRF24_write	24	static
../Core/Src/Drivers/myNRF.c:713:6:NRF24_ACTIVATE_cmd	16	static
../Core/Src/Drivers/myNRF.c:381:6:NRF24_enableAckPayload	8	static
../Core/Src/Drivers/myNRF.c:394:6:NRF24_enableDynamicPayloads	8	static
../Core/Src/Drivers/myNRF.c:724:9:NRF24_GetAckPayloadSize	0	static
../Core/Src/Drivers/myNRF.c:729:6:printRadioSettings	136	static
../Core/Src/Drivers/myNRF.c:173:6:NRF24_begin	24	static
../Core/Src/Drivers/myNRF.c:856:6:printStatusReg	136	static
../Core/Src/Drivers/myNRF.c:872:6:printConfigReg	120	static
../Core/Src/Drivers/myNRF.c:890:6:nrf24_DebugUART_Init	8	static
../Core/Src/Drivers/myNRF.c:895:6:printFIFOstatus	128	static
