../Drivers/CMSIS/Include/core_cm3.h:1876:26:ITM_SendChar	4
../Core/Src/main.c:52:5:__io_putchar	1
../Core/Src/main.c:57:6:beep	2
../Core/Src/main.c:67:6:displaySpeed	6
../Core/Src/main.c:107:10:ADC_Read_VBAT	1
../Core/Src/main.c:124:10:ADC_Read_JoystickA	1
../Core/Src/main.c:140:10:ADC_Read_JoystickB	1
../Core/Src/main.c:156:6:displayBat	9
../Core/Src/main.c:216:5:main	12
../Core/Src/main.c:330:6:SystemClock_Config	4
../Core/Src/main.c:377:13:MX_ADC1_Init	5
../Core/Src/main.c:447:13:MX_GPIO_Init	1
../Core/Src/main.c:484:6:Error_Handler	1
