../Core/Src/main.c:177:5:__io_putchar	16	static
../Core/Src/main.c:182:6:arrayShift	32	static
../Core/Src/main.c:189:6:Filter	32	static
../Core/Src/main.c:221:6:HAL_GPIO_EXTI_Callback	16	static
../Core/Src/main.c:258:6:PID_Control	16	static
../Core/Src/main.c:310:6:NRF24_Init	112	static
../Core/Src/main.c:327:6:HRTIM_Stop	8	static
../Core/Src/main.c:338:6:HRTIM_Start	8	static
../Core/Src/main.c:351:6:HRTIM_Set	16	static
../Core/Src/main.c:369:6:Change_Shift	8	static
../Core/Src/main.c:378:6:StopButtonSignal	8	static
../Core/Src/main.c:393:6:StationOverCurrentSignal	8	static
../Core/Src/main.c:409:6:StationOverVoltageSignal	8	static
../Core/Src/main.c:424:6:StationOverPowerSignal	8	static
../Core/Src/main.c:440:6:CopterOutOfRangeCurrentSignal	8	static
../Core/Src/main.c:456:6:CopterOutOfRangeVoltageSignal	8	static
../Core/Src/main.c:472:6:CopterOutOfRangePowerSignal	8	static
../Core/Src/main.c:489:6:ChargeSignal	8	static
../Core/Src/main.c:501:5:main	24	static,ignoring_inline_asm
../Core/Src/main.c:714:6:SystemClock_Config	88	static
../Core/Src/main.c:761:13:MX_ADC1_Init	80	static
../Core/Src/main.c:843:13:MX_HRTIM1_Init	232	static
../Core/Src/main.c:1022:13:MX_SPI1_Init	8	static
../Core/Src/main.c:1062:13:MX_USART2_UART_Init	8	static
../Core/Src/main.c:1110:13:MX_GPIO_Init	48	static
../Core/Src/main.c:1180:6:Error_Handler	8	static,ignoring_inline_asm
