../Drivers/BSP/STM32G4xx_Nucleo/stm32g4xx_nucleo.c:138:9:BSP_GetVersion	0	static
../Drivers/BSP/STM32G4xx_Nucleo/stm32g4xx_nucleo.c:147:16:BSP_GetBoardName	0	static
../Drivers/BSP/STM32G4xx_Nucleo/stm32g4xx_nucleo.c:156:16:BSP_GetBoardID	0	static
../Drivers/BSP/STM32G4xx_Nucleo/stm32g4xx_nucleo.c:168:9:BSP_LED_Init	40	static
../Drivers/BSP/STM32G4xx_Nucleo/stm32g4xx_nucleo.c:195:9:BSP_LED_DeInit	8	static
../Drivers/BSP/STM32G4xx_Nucleo/stm32g4xx_nucleo.c:213:9:BSP_LED_On	8	static
../Drivers/BSP/STM32G4xx_Nucleo/stm32g4xx_nucleo.c:227:9:BSP_LED_Off	8	static
../Drivers/BSP/STM32G4xx_Nucleo/stm32g4xx_nucleo.c:241:9:BSP_LED_Toggle	8	static
../Drivers/BSP/STM32G4xx_Nucleo/stm32g4xx_nucleo.c:255:9:BSP_LED_GetState	8	static
../Drivers/BSP/STM32G4xx_Nucleo/stm32g4xx_nucleo.c:273:9:BSP_PB_Init	40	static
../Drivers/BSP/STM32G4xx_Nucleo/stm32g4xx_nucleo.c:319:9:BSP_PB_DeInit	8	static
../Drivers/BSP/STM32G4xx_Nucleo/stm32g4xx_nucleo.c:334:9:BSP_PB_GetState	8	static
../Drivers/BSP/STM32G4xx_Nucleo/stm32g4xx_nucleo.c:344:6:BSP_PB_IRQHandler	0	static
../Drivers/BSP/STM32G4xx_Nucleo/stm32g4xx_nucleo.c:354:13:BSP_PB_Callback	0	static
../Drivers/BSP/STM32G4xx_Nucleo/stm32g4xx_nucleo.c:596:13:BUTTON_USER_EXTI_Callback	8	static
../Drivers/BSP/STM32G4xx_Nucleo/stm32g4xx_nucleo.c:411:9:BSP_COM_DeInit	8	static
../Drivers/BSP/STM32G4xx_Nucleo/stm32g4xx_nucleo.c:444:26:MX_LPUART1_Init	0	static
../Drivers/BSP/STM32G4xx_Nucleo/stm32g4xx_nucleo.c:373:9:BSP_COM_Init	56	static
../Drivers/BSP/STM32G4xx_Nucleo/stm32g4xx_nucleo.c:542:9:BSP_COM_SelectLogPort	0	static
../Drivers/BSP/STM32G4xx_Nucleo/stm32g4xx_nucleo.c:576:1:__io_putchar	24	static
