../Core/Src/main.c:107:6:HAL_TIM_PeriodElapsedCallback	16	static
../Core/Src/main.c:119:12:NRF24_Init	160	static
../Core/Src/main.c:140:5:__io_putchar	16	static
../Core/Src/main.c:149:5:main	16	static
../Core/Src/main.c:222:6:SystemClock_Config	88	static
../Core/Src/main.c:270:13:MX_ADC1_Init	56	static
../Core/Src/main.c:347:13:MX_RNG_Init	8	static
../Core/Src/main.c:374:13:MX_SPI1_Init	8	static
../Core/Src/main.c:414:13:MX_TIM3_Init	40	static
../Core/Src/main.c:459:13:MX_USART2_UART_Init	8	static
../Core/Src/main.c:505:13:MX_DMA_Init	16	static
../Core/Src/main.c:524:13:MX_GPIO_Init	40	static
../Core/Src/main.c:590:6:Error_Handler	8	static,ignoring_inline_asm
