../Core/Src/Drivers/myNRF.c:58:6:NRF24_csn.part.0	0	static
../Core/Src/Drivers/myNRF.c:64:6:NRF24_ce.part.0	0	static
../Core/Src/Drivers/myNRF.c:50:6:NRF24_DelayMicroSeconds	0	static
../Core/Src/Drivers/myNRF.c:58:6:NRF24_csn	0	static
../Core/Src/Drivers/myNRF.c:64:6:NRF24_ce	0	static
../Core/Src/Drivers/myNRF.c:70:9:NRF24_read_register	16	static
../Core/Src/Drivers/myNRF.c:87:6:NRF24_read_registerN	24	static
../Core/Src/Drivers/myNRF.c:102:6:NRF24_write_register	24	static
../Core/Src/Drivers/myNRF.c:115:6:NRF24_write_registerN	24	static
../Core/Src/Drivers/myNRF.c:128:6:NRF24_write_payload	24	static
../Core/Src/Drivers/myNRF.c:141:6:NRF24_read_payload	24	static
../Core/Src/Drivers/myNRF.c:155:6:NRF24_flush_tx	0	static
../Core/Src/Drivers/myNRF.c:160:6:NRF24_flush_rx	0	static
../Core/Src/Drivers/myNRF.c:165:9:NRF24_get_status	0	static
../Core/Src/Drivers/myNRF.c:247:6:NRF24_startListening	8	static
../Core/Src/Drivers/myNRF.c:264:6:NRF24_stopListening	8	static
../Core/Src/Drivers/myNRF.c:321:6:NRF24_openWritingPipe	16	static
../Core/Src/Drivers/myNRF.c:330:6:NRF24_openReadingPipe	16	static
../Core/Src/Drivers/myNRF.c:354:6:NRF24_setRetries	0	static
../Core/Src/Drivers/myNRF.c:360:6:NRF24_setChannel	0	static
../Core/Src/Drivers/myNRF.c:366:6:NRF24_setPayloadSize	0	static
../Core/Src/Drivers/myNRF.c:372:9:NRF24_getPayloadSize	0	static
../Core/Src/Drivers/myNRF.c:377:9:NRF24_getDynamicPayloadSize	0	static
../Core/Src/Drivers/myNRF.c:312:6:NRF24_read	8	static
../Core/Src/Drivers/myNRF.c:409:6:NRF24_disableDynamicPayloads	8	static
../Core/Src/Drivers/myNRF.c:417:6:NRF24_isNRF_Plus	0	static
../Core/Src/Drivers/myNRF.c:422:6:NRF24_setAutoAck	0	static
../Core/Src/Drivers/myNRF.c:430:6:NRF24_setAutoAckPipe	16	static
../Core/Src/Drivers/myNRF.c:447:6:NRF24_setPALevel	8	static
../Core/Src/Drivers/myNRF.c:478:15:NRF24_getPALevel	8	static
../Core/Src/Drivers/myNRF.c:504:6:NRF24_setDataRate	16	static
../Core/Src/Drivers/myNRF.c:549:17:NRF24_getDataRate	8	static
../Core/Src/Drivers/myNRF.c:574:6:NRF24_setCRCLength	8	static
../Core/Src/Drivers/myNRF.c:595:18:NRF24_getCRCLength	8	static
../Core/Src/Drivers/myNRF.c:611:6:NRF24_disableCRC	8	static
../Core/Src/Drivers/myNRF.c:617:6:NRF24_powerUp	8	static
../Core/Src/Drivers/myNRF.c:622:6:NRF24_powerDown	8	static
../Core/Src/Drivers/myNRF.c:627:6:NRF24_availablePipe	16	static
../Core/Src/Drivers/myNRF.c:307:6:NRF24_available	0	static
../Core/Src/Drivers/myNRF.c:651:6:NRF24_startWrite	16	static
../Core/Src/Drivers/myNRF.c:668:6:NRF24_writeAckPayload	16	static
../Core/Src/Drivers/myNRF.c:679:6:NRF24_isAckPayloadAvailable	0	static
../Core/Src/Drivers/myNRF.c:686:6:NRF24_whatHappened	24	static
../Core/Src/Drivers/myNRF.c:697:6:NRF24_testCarrier	8	static
../Core/Src/Drivers/myNRF.c:702:6:NRF24_testRPD	0	static
../Core/Src/Drivers/myNRF.c:708:6:NRF24_resetStatus	0	static
../Core/Src/Drivers/myNRF.c:271:6:NRF24_write	24	static
../Core/Src/Drivers/myNRF.c:714:6:NRF24_ACTIVATE_cmd	16	static
../Core/Src/Drivers/myNRF.c:382:6:NRF24_enableAckPayload	8	static
../Core/Src/Drivers/myNRF.c:395:6:NRF24_enableDynamicPayloads	8	static
../Core/Src/Drivers/myNRF.c:725:9:NRF24_GetAckPayloadSize	0	static
../Core/Src/Drivers/myNRF.c:730:6:printRadioSettings	136	static
../Core/Src/Drivers/myNRF.c:174:6:NRF24_begin	24	static
../Core/Src/Drivers/myNRF.c:857:6:printStatusReg	136	static
../Core/Src/Drivers/myNRF.c:873:6:printConfigReg	120	static
../Core/Src/Drivers/myNRF.c:891:6:nrf24_DebugUART_Init	8	static
../Core/Src/Drivers/myNRF.c:896:6:printFIFOstatus	128	static
