../Core/Src/Drivers/nrf24l01p.c:16:13:cs_high	8	static
../Core/Src/Drivers/nrf24l01p.c:21:13:cs_low	8	static
../Core/Src/Drivers/nrf24l01p.c:26:13:ce_high	8	static
../Core/Src/Drivers/nrf24l01p.c:31:13:ce_low	8	static
../Core/Src/Drivers/nrf24l01p.c:36:16:read_register	32	static
../Core/Src/Drivers/nrf24l01p.c:50:16:write_register	32	static
../Core/Src/Drivers/nrf24l01p.c:66:6:nrf24l01p_rx_init	16	static
../Core/Src/Drivers/nrf24l01p.c:88:6:nrf24l01p_tx_init	16	static
../Core/Src/Drivers/nrf24l01p.c:108:6:nrf24l01p_rx_receive	16	static
../Core/Src/Drivers/nrf24l01p.c:116:6:nrf24l01p_tx_transmit	16	static
../Core/Src/Drivers/nrf24l01p.c:121:6:nrf24l01p_tx_irq	16	static
../Core/Src/Drivers/nrf24l01p.c:142:6:nrf24l01p_reset	8	static
../Core/Src/Drivers/nrf24l01p.c:173:6:nrf24l01p_prx_mode	16	static
../Core/Src/Drivers/nrf24l01p.c:181:6:nrf24l01p_ptx_mode	16	static
../Core/Src/Drivers/nrf24l01p.c:189:9:nrf24l01p_read_rx_fifo	32	static
../Core/Src/Drivers/nrf24l01p.c:202:9:nrf24l01p_write_tx_fifo	32	static
../Core/Src/Drivers/nrf24l01p.c:215:6:nrf24l01p_flush_rx_fifo	24	static
../Core/Src/Drivers/nrf24l01p.c:225:6:nrf24l01p_flush_tx_fifo	24	static
../Core/Src/Drivers/nrf24l01p.c:235:9:nrf24l01p_get_status	24	static
../Core/Src/Drivers/nrf24l01p.c:247:9:nrf24l01p_get_fifo_status	8	static
../Core/Src/Drivers/nrf24l01p.c:252:6:nrf24l01p_rx_set_payload_widths	16	static
../Core/Src/Drivers/nrf24l01p.c:257:6:nrf24l01p_clear_rx_dr	16	static
../Core/Src/Drivers/nrf24l01p.c:265:6:nrf24l01p_clear_tx_ds	16	static
../Core/Src/Drivers/nrf24l01p.c:273:6:nrf24l01p_clear_max_rt	16	static
../Core/Src/Drivers/nrf24l01p.c:281:6:nrf24l01p_power_up	16	static
../Core/Src/Drivers/nrf24l01p.c:289:6:nrf24l01p_power_down	16	static
../Core/Src/Drivers/nrf24l01p.c:297:6:nrf24l01p_set_crc_length	24	static
../Core/Src/Drivers/nrf24l01p.c:316:6:nrf24l01p_set_address_widths	16	static
../Core/Src/Drivers/nrf24l01p.c:321:6:nrf24l01p_auto_retransmit_count	24	static
../Core/Src/Drivers/nrf24l01p.c:331:6:nrf24l01p_auto_retransmit_delay	24	static
../Core/Src/Drivers/nrf24l01p.c:341:6:nrf24l01p_set_rf_channel	24	static
../Core/Src/Drivers/nrf24l01p.c:347:6:nrf24l01p_set_rf_tx_output_power	24	static
../Core/Src/Drivers/nrf24l01p.c:355:6:nrf24l01p_set_rf_air_data_rate	24	static
