../Core/Src/stm32g4xx_hal_msp.c:65:6:HAL_MspInit	8	static
../Core/Src/stm32g4xx_hal_msp.c:92:6:HAL_ADC_MspInit	112	static
../Core/Src/stm32g4xx_hal_msp.c:159:6:HAL_ADC_MspDeInit	8	static
../Core/Src/stm32g4xx_hal_msp.c:193:6:HAL_RNG_MspInit	80	static
../Core/Src/stm32g4xx_hal_msp.c:227:6:HAL_RNG_MspDeInit	0	static
../Core/Src/stm32g4xx_hal_msp.c:249:6:HAL_SPI_MspInit	40	static
../Core/Src/stm32g4xx_hal_msp.c:287:6:HAL_SPI_MspDeInit	0	static
../Core/Src/stm32g4xx_hal_msp.c:317:6:HAL_TIM_Base_MspInit	16	static
../Core/Src/stm32g4xx_hal_msp.c:356:6:HAL_TIM_Base_MspDeInit	0	static
../Core/Src/stm32g4xx_hal_msp.c:395:6:HAL_UART_MspInit	104	static
../Core/Src/stm32g4xx_hal_msp.c:443:6:HAL_UART_MspDeInit	0	static
