../Core/Src/main.c:168:6:Filter	16	static
../Core/Src/main.c:192:6:HAL_GPIO_EXTI_Callback	16	static
../Core/Src/main.c:229:6:PID_Control	16	static
../Core/Src/main.c:281:6:NRF24_Init	112	static
../Core/Src/main.c:299:6:HRTIM_Init	16	static
../Core/Src/main.c:322:6:Change_Shift	8	static
../Core/Src/main.c:343:5:main	24	static,ignoring_inline_asm
../Core/Src/main.c:539:6:SystemClock_Config	88	static
../Core/Src/main.c:586:13:MX_ADC1_Init	80	static
../Core/Src/main.c:668:13:MX_HRTIM1_Init	232	static
../Core/Src/main.c:849:13:MX_SPI1_Init	8	static
../Core/Src/main.c:889:13:MX_GPIO_Init	48	static
../Core/Src/main.c:968:6:Error_Handler	8	static,ignoring_inline_asm
