../Core/Src/main.c:168:6:Filter	4
../Core/Src/main.c:192:6:HAL_GPIO_EXTI_Callback	5
../Core/Src/main.c:229:6:PID_Control	6
../Core/Src/main.c:281:6:NRF24_Init	1
../Core/Src/main.c:299:6:HRTIM_Init	1
../Core/Src/main.c:322:6:Change_Shift	1
../Core/Src/main.c:343:5:main	12
../Core/Src/main.c:539:6:SystemClock_Config	3
../Core/Src/main.c:586:13:MX_ADC1_Init	5
../Core/Src/main.c:668:13:MX_HRTIM1_Init	22
../Core/Src/main.c:849:13:MX_SPI1_Init	2
../Core/Src/main.c:889:13:MX_GPIO_Init	1
../Core/Src/main.c:968:6:Error_Handler	1
