18:57:20 **** Incremental Build of configuration Release for project BlinkCMSIS ****
make -j16 all 
arm-none-eabi-gcc "../Core/Src/main.c" -mcpu=cortex-m4 -std=gnu11 -DSTM32F407xx -c -I../Drivers/CMSIS/Device/ST/STM32F4xx/Include -I../Drivers/CMSIS/Include -Os -ffunction-sections -fdata-sections -Wall -fstack-usage -MMD -MP -MF"Core/Src/main.d" -MT"Core/Src/main.o" --specs=nano.specs -mfpu=fpv4-sp-d16 -mfloat-abi=hard -mthumb -o "Core/Src/main.o"
arm-none-eabi-gcc -o "BlinkCMSIS.elf" @"objects.list"   -mcpu=cortex-m4 -T"E:\Creations\C++_programs\STM32Projects\BlinkCMSIS\STM32F407VETX_FLASH.ld" --specs=nosys.specs -Wl,-Map="BlinkCMSIS.map" -Wl,--gc-sections -static --specs=nano.specs -mfpu=fpv4-sp-d16 -mfloat-abi=hard -mthumb -Wl,--start-group -lc -lm -Wl,--end-group
Finished building target: BlinkCMSIS.elf
 
arm-none-eabi-size   BlinkCMSIS.elf 
arm-none-eabi-objdump -h -S  BlinkCMSIS.elf  > "BlinkCMSIS.list"
   text	   data	    bss	    dec	    hex	filename
    684	      8	   1568	   2260	    8d4	BlinkCMSIS.elf
Finished building: default.size.stdout
 
Finished building: BlinkCMSIS.list
 

18:57:21 Build Finished. 0 errors, 0 warnings. (took 513ms)

