18:33:12 **** Incremental Build of configuration Debug for project BlinkC ****
make -j12 all 
arm-none-eabi-gcc "../Core/Src/main.c" -mcpu=cortex-m4 -std=gnu11 -g3 -DDEBUG -DUSE_HAL_DRIVER -DSTM32F407xx -c -I../Core/Inc -I../Drivers/STM32F4xx_HAL_Driver/Inc -I../Drivers/STM32F4xx_HAL_Driver/Inc/Legacy -I../Drivers/CMSIS/Device/ST/STM32F4xx/Include -I../Drivers/CMSIS/Include -O0 -ffunction-sections -fdata-sections -Wall -fstack-usage -MMD -MP -MF"Core/Src/main.d" -MT"Core/Src/main.o" --specs=nano.specs -mfpu=fpv4-sp-d16 -mfloat-abi=hard -mthumb -o "Core/Src/main.o"
arm-none-eabi-gcc -o "BlinkC.elf" @"objects.list"   -mcpu=cortex-m4 -T"D:\STM32Workspace\BlinkC\STM32F407VETX_FLASH.ld" --specs=nosys.specs -Wl,-Map="BlinkC.map" -Wl,--gc-sections -static --specs=nano.specs -mfpu=fpv4-sp-d16 -mfloat-abi=hard -mthumb -Wl,--start-group -lc -lm -Wl,--end-group
Finished building target: BlinkC.elf
 
arm-none-eabi-size   BlinkC.elf 
arm-none-eabi-objdump -h -S  BlinkC.elf  > "BlinkC.list"
   text	   data	    bss	    dec	    hex	filename
   5764	     20	   1572	   7356	   1cbc	BlinkC.elf
Finished building: default.size.stdout
 
Finished building: BlinkC.list
 
12:49:06 **** Build of configuration Debug for project BlinkC ****
make -j12 all 
arm-none-eabi-size   BlinkC.elf 
   text	   data	    bss	    dec	    hex	filename
   5764	     20	   1572	   7356	   1cbc	BlinkC.elf
Finished building: default.size.stdout
 
12:50:04 **** Incremental Build of configuration Debug for project BlinkC ****
make -j12 all 
arm-none-eabi-size   BlinkC.elf 
   text	   data	    bss	    dec	    hex	filename
   5764	     20	   1572	   7356	   1cbc	BlinkC.elf
Finished building: default.size.stdout
 
12:51:08 **** Incremental Build of configuration Debug for project BlinkC ****
make -j12 all 
arm-none-eabi-size   BlinkC.elf 
   text	   data	    bss	    dec	    hex	filename
   5764	     20	   1572	   7356	   1cbc	BlinkC.elf
Finished building: default.size.stdout
 
12:58:24 **** Incremental Build of configuration Debug for project BlinkC ****
make -j12 all 
arm-none-eabi-size   BlinkC.elf 
   text	   data	    bss	    dec	    hex	filename
   5764	     20	   1572	   7356	   1cbc	BlinkC.elf
Finished building: default.size.stdout
 
12:58:50 **** Incremental Build of configuration Debug for project BlinkC ****
make -j12 all 
arm-none-eabi-size   BlinkC.elf 
   text	   data	    bss	    dec	    hex	filename
   5764	     20	   1572	   7356	   1cbc	BlinkC.elf
Finished building: default.size.stdout
 
13:14:36 **** Incremental Build of configuration Debug for project BlinkC ****
make -j12 all 
arm-none-eabi-size   BlinkC.elf 
   text	   data	    bss	    dec	    hex	filename
   5764	     20	   1572	   7356	   1cbc	BlinkC.elf
Finished building: default.size.stdout
 
13:15:02 **** Incremental Build of configuration Debug for project BlinkC ****
make -j12 all 
arm-none-eabi-size   BlinkC.elf 
   text	   data	    bss	    dec	    hex	filename
   5764	     20	   1572	   7356	   1cbc	BlinkC.elf
Finished building: default.size.stdout
 
