18:59:33 **** Incremental Build of configuration Debug for project InterruptsCMSIS_F103 ****
make -j16 all 
arm-none-eabi-gcc "../Core/Src/main.c" -mcpu=cortex-m3 -std=gnu11 -g3 -DDEBUG -DUSE_HAL_DRIVER -DSTM32F103xB -c -I../Drivers/CMSIS/Device/ST/STM32F1xx/Include -I../Drivers/CMSIS/Include -O0 -ffunction-sections -fdata-sections -Wall -fstack-usage -MMD -MP -MF"Core/Src/main.d" -MT"Core/Src/main.o" --specs=nano.specs -mfloat-abi=soft -mthumb -o "Core/Src/main.o"
arm-none-eabi-gcc -o "InterruptsCMSIS_F103.elf" @"objects.list"   -mcpu=cortex-m3 -T"E:\Creations\C++_programs\STM32Projects\InterruptsCMSIS_F103\STM32F103C8TX_FLASH.ld" --specs=nosys.specs -Wl,-Map="InterruptsCMSIS_F103.map" -Wl,--gc-sections -static --specs=nano.specs -mfloat-abi=soft -mthumb -Wl,--start-group -lc -lm -Wl,--end-group
Finished building target: InterruptsCMSIS_F103.elf
 
arm-none-eabi-size   InterruptsCMSIS_F103.elf 
arm-none-eabi-objdump -h -S  InterruptsCMSIS_F103.elf  > "InterruptsCMSIS_F103.list"
arm-none-eabi-objcopy  -O ihex  InterruptsCMSIS_F103.elf  "InterruptsCMSIS_F103.hex"
   text	   data	    bss	    dec	    hex	filename
    992	      8	   1568	   2568	    a08	InterruptsCMSIS_F103.elf
Finished building: default.size.stdout
 
Finished building: InterruptsCMSIS_F103.list
Finished building: InterruptsCMSIS_F103.hex
 
 

18:59:34 Build Finished. 0 errors, 0 warnings. (took 703ms)

